
11:10:11  INFO      Connected to database: Hitster.db
11:10:11  INFO      Loaded 787 tracks from table 'song'
11:10:11  INFO      Rate limiter: max 120 calls / 60s
11:10:11  INFO      [1/787] SKIP  Frankie Laine – I Believe  (already exists)
11:10:11  INFO      [2/787] SKIP  Doris Day – Secret Love  (already exists)
11:10:11  INFO      [3/787] SKIP  David Whitfield With Mantovani & His Orchestra – Cara Mia  (already exists)
11:10:11  INFO      [4/787] SKIP  Bill Haley & His Comets – Rock Around The Clock  (already exists)
11:10:11  INFO      [5/787] SKIP  Tennessee Ernie Ford – Give Me Your Word  (already exists)
11:10:11  INFO      [6/787] SKIP  Eddie Calvert – Oh Mein Papa  (already exists)
11:10:11  INFO      [7/787] SKIP  Slim Whitman – Rose Marie  (already exists)
11:10:11  INFO      [8/787] SKIP  Frank Chacksfield – Terry's Theme (From 'Limelight')  (already exists)
11:10:11  INFO      [9/787] SKIP  Paul Anka – Diana  (already exists)
11:10:11  INFO      [10/787] SKIP  Russ Conway – Side Saddle  (already exists)
11:10:11  INFO      [11/787] SKIP  Kitty Kallen – Little Things Mean A Lot  (already exists)
11:10:11  INFO      [12/787] SKIP  The Everly Brothers – All I Have To Do Is Dream / Claudette  (already exists)
11:10:11  INFO      [13/787] SKIP  Obernkirchen Children's Choir – The Happy Wanderer  (already exists)
11:10:11  INFO      [14/787] SKIP  Ruby Murray – Softly Softly  (already exists)
11:10:11  INFO      [15/787] SKIP  Doris Day – Whatever Will Be Will Be (Que Sera Sera)  (already exists)
11:10:11  INFO      [16/787] SKIP  Cliff Richard & The Drifters – Living Doll  (already exists)
11:10:11  INFO      [17/787] SKIP  Connie Francis – Who's Sorry Now  (already exists)
11:10:11  INFO      [18/787] SKIP  Al Martino – Here In My Heart  (already exists)
11:10:11  INFO      [19/787] SKIP  Pat Boone – I'll Be Home  (already exists)
11:10:11  INFO      [20/787] SKIP  Frankie Laine – Answer Me  (already exists)
11:10:11  INFO      [21/787] SKIP  Elvis Presley – All Shook Up  (already exists)
11:10:11  INFO      [22/787] SKIP  Tab Hunter – Young Love  (already exists)
11:10:11  INFO      [23/787] SKIP  Johnnie Ray – Just Walkin' In The Rain  (already exists)
11:10:11  INFO      [24/787] SKIP  Perry Como – Magic Moments  (already exists)
11:10:11  INFO      [25/787] SKIP  Eddie Calvert – Cherry Pink And Apple Blossom White  (already exists)
11:10:11  INFO      [26/787] SKIP  Guy Mitchell – Singing The Blues  (already exists)
11:10:11  INFO      [27/787] SKIP  Mantovani – The Song From The Moulin Rouge  (already exists)
11:10:11  INFO      [28/787] SKIP  Don Cornell – Hold My Hand  (already exists)
11:10:11  INFO      [29/787] SKIP  Jo Stafford – You Belong To Me  (already exists)
11:10:11  INFO      [30/787] SKIP  Buddy Holly – It Doesn't Matter Anymore  (already exists)
11:10:11  INFO      [31/787] SKIP  Frankie Laine – A Woman In Love  (already exists)
11:10:11  INFO      [32/787] Fetching art for: Frankie Laine – Cool Water
11:10:12  INFO      [32/787] OK    saved → frankie_laine_cool_water.jpg
11:10:12  INFO      [33/787] SKIP  Johnnie Ray – Such A Night  (already exists)
11:10:12  INFO      [34/787] Fetching art for: Connie Francis – Stupid Cupid / Carolina Moon
11:10:12  WARNING   No search result for: Connie Francis – Stupid Cupid / Carolina Moon
11:10:12  WARNING   [34/787] FAIL  no image URL found for: Connie Francis – Stupid Cupid / Carolina Moon
11:10:12  INFO      [35/787] SKIP  Bobby Darin – Dream Lover  (already exists)
11:10:12  INFO      [36/787] SKIP  Frank Sinatra – Three Coins In The Fountain  (already exists)
11:10:12  INFO      [37/787] SKIP  Pat Boone – Love Letters In The Sand  (already exists)
11:10:12  INFO      [38/787] SKIP  The Dreamweavers – It's Almost Tomorrow  (already exists)
11:10:12  INFO      [39/787] SKIP  Guy Mitchell – She Wears Red Feathers  (already exists)
11:10:12  INFO      [40/787] SKIP  Mario Lanza – Because You're Mine  (already exists)
11:10:12  INFO      [41/787] SKIP  The Beatles – She Loves You  (already exists)
11:10:12  INFO      [42/787] SKIP  Mr Acker Bilk – Stranger On The Shore  (already exists)
11:10:12  INFO      [43/787] SKIP  Engelbert Humperdinck – Release Me  (already exists)
11:10:12  INFO      [44/787] SKIP  Frank Ifield – I Remember You  (already exists)
11:10:12  INFO      [45/787] SKIP  Ken Dodd – Tears  (already exists)
11:10:12  INFO      [46/787] SKIP  Engelbert Humperdinck – The Last Waltz  (already exists)
11:10:12  INFO      [47/787] SKIP  The Shadows – Wonderful Land  (already exists)
11:10:12  INFO      [48/787] SKIP  Tom Jones – Green Green Grass Of Home  (already exists)
11:10:12  INFO      [49/787] SKIP  Elvis Presley – It's Now Or Never  (already exists)
11:10:12  INFO      [50/787] SKIP  The Tornados – Telstar  (already exists)
11:10:12  INFO      [51/787] SKIP  The Beatles – From Me To You  (already exists)
11:10:12  INFO      [52/787] SKIP  Cliff Richard – The Young Ones  (already exists)
11:10:12  INFO      [53/787] SKIP  Elvis Presley – Wooden Heart  (already exists)
11:10:12  INFO      [54/787] SKIP  Jim Reeves – Distant Drums  (already exists)
11:10:12  INFO      [55/787] SKIP  Del Shannon – Runaway  (already exists)
11:10:12  INFO      [56/787] SKIP  The Everly Brothers – Cathy's Clown  (already exists)
11:10:12  INFO      [57/787] SKIP  Mary Hopkin – Those Were The Days  (already exists)
11:10:12  INFO      [58/787] SKIP  Archies – Sugar Sugar  (already exists)
11:10:12  INFO      [59/787] Fetching art for: Louis Armstrong – What A Wonderful World / Cabaret
11:10:12  WARNING   No search result for: Louis Armstrong – What A Wonderful World / Cabaret
11:10:12  WARNING   [59/787] FAIL  no image URL found for: Louis Armstrong – What A Wonderful World / Cabaret
11:10:12  INFO      [60/787] SKIP  Helen Shapiro – You Don't Know  (already exists)
11:10:12  INFO      [61/787] Fetching art for: Elvis Presley – Can't Help Falling In Love / Rock-A-Hula Baby
11:10:13  WARNING   No search result for: Elvis Presley – Can't Help Falling In Love / Rock-A-Hula Baby
11:10:13  WARNING   [61/787] FAIL  no image URL found for: Elvis Presley – Can't Help Falling In Love / Rock-A-Hula Baby
11:10:13  INFO      [62/787] SKIP  The Shadows – Apache  (already exists)
11:10:13  INFO      [63/787] SKIP  Shirley Bassey – As Long As He Needs Me  (already exists)
11:10:13  INFO      [64/787] SKIP  Frank Ifield – Lovesick Blues  (already exists)
11:10:13  INFO      [65/787] SKIP  Cliff Richard – Please Don't Tease  (already exists)
11:10:13  INFO      [66/787] SKIP  Anthony Newley – Why  (already exists)
11:10:13  INFO      [67/787] SKIP  Jim Reeves – I Love You Because  (already exists)
11:10:13  INFO      [68/787] SKIP  The Scaffold – Lily The Pink  (already exists)
11:10:13  INFO      [69/787] SKIP  Hugo Montenegro – The Good, The Bad And The Ugly  (already exists)
11:10:13  INFO      [70/787] SKIP  Elvis Presley – Good Luck Charm  (already exists)
11:10:13  INFO      [71/787] SKIP  Cliff Richard – The Next Time / Bachelor Boy  (already exists)
11:10:13  INFO      [72/787] SKIP  The Beatles – I Want To Hold Your Hand  (already exists)
11:10:13  INFO      [73/787] SKIP  Helen Shapiro – Walking Back To Happiness  (already exists)
11:10:13  INFO      [74/787] SKIP  Roy Orbison – Only The Lonely  (already exists)
11:10:13  INFO      [75/787] SKIP  Scott Mckenzie – San Francisco (Be Sure To Wear Some Flowers In Your Hair)  (already exists)
11:10:13  INFO      [76/787] SKIP  Des O'Connor – I Pretend  (already exists)
11:10:13  INFO      [77/787] Fetching art for: Beatles With Billy Preston – Get Back
11:10:13  WARNING   No search result for: Beatles With Billy Preston – Get Back
11:10:13  WARNING   [77/787] FAIL  no image URL found for: Beatles With Billy Preston – Get Back
11:10:13  INFO      [78/787] SKIP  Gerry & The Pacemakers – You'll Never Walk Alone  (already exists)
11:10:13  INFO      [79/787] SKIP  The Rolling Stones – Honky Tonk Women  (already exists)
11:10:13  INFO      [80/787] SKIP  Procol Harum – A Whiter Shade Of Pale  (already exists)
11:10:13  INFO      [81/787] SKIP  John Leyton – Johnny Remember Me  (already exists)
11:10:13  INFO      [82/787] SKIP  Chubby Checker – Let's Twist Again  (already exists)
11:10:13  INFO      [83/787] SKIP  Jim Reeves – I Won't Forget You  (already exists)
11:10:13  INFO      [84/787] SKIP  The Seekers – The Carnival Is Over  (already exists)
11:10:13  INFO      [85/787] SKIP  Dave Clark Five – Glad All Over  (already exists)
11:10:13  INFO      [86/787] SKIP  Engelbert Humperdinck – There Goes My Everything  (already exists)
11:10:13  INFO      [87/787] SKIP  Union Gap – Young Girl  (already exists)
11:10:13  INFO      [88/787] SKIP  The Beatles – Hello Goodbye  (already exists)
11:10:13  INFO      [89/787] SKIP  Roy Orbison – Oh Pretty Woman  (already exists)
11:10:13  INFO      [90/787] SKIP  Jimmy Jones – Handy Man  (already exists)
11:10:13  INFO      [91/787] SKIP  Roy Orbison – It's Over  (already exists)
11:10:13  INFO      [92/787] SKIP  Frank Sinatra – Strangers In The Night  (already exists)
11:10:13  INFO      [93/787] SKIP  Eden Kane – Well I Ask You  (already exists)
11:10:13  INFO      [94/787] SKIP  Gerry & The Pacemakers – How Do You Do It?  (already exists)
11:10:13  INFO      [95/787] SKIP  The Beatles – Day Tripper  (already exists)
11:10:13  INFO      [96/787] SKIP  The Everly Brothers – Walk Right Back  (already exists)
11:10:13  INFO      [97/787] SKIP  Mike Sarne With Wendy Richard – Come Outside  (already exists)
11:10:13  INFO      [98/787] SKIP  Gerry & The Pacemakers – I Like It  (already exists)
11:10:13  INFO      [99/787] SKIP  Sandie Shaw – Puppet On A String  (already exists)
11:10:13  INFO      [100/787] SKIP  The Monkees – I'm A Believer  (already exists)
11:10:13  INFO      [101/787] SKIP  Elvis Presley – Mess Of Blues  (already exists)
11:10:13  INFO      [102/787] SKIP  Frank Ifield – Confessin'  (already exists)
11:10:13  INFO      [103/787] SKIP  The Bee Gees – Massachusetts  (already exists)
11:10:13  INFO      [104/787] SKIP  Allisons – Are You Sure  (already exists)
11:10:13  INFO      [105/787] Fetching art for: Boney M – Rivers Of Babylon / Brown Girl In The Ring
11:10:13  WARNING   No search result for: Boney M – Rivers Of Babylon / Brown Girl In The Ring
11:10:13  WARNING   [105/787] FAIL  no image URL found for: Boney M – Rivers Of Babylon / Brown Girl In The Ring
11:10:13  INFO      [106/787] SKIP  John Travolta & Olivia Newton-John – You're The One That I Want  (already exists)
11:10:13  INFO      [107/787] Fetching art for: Dawn featuring Tony Orlando – Tie A Yellow Ribbon Round The Old Oak Tree
11:10:13  WARNING   No search result for: Dawn featuring Tony Orlando – Tie A Yellow Ribbon Round The Old Oak Tree
11:10:13  WARNING   [107/787] FAIL  no image URL found for: Dawn featuring Tony Orlando – Tie A Yellow Ribbon Round The Old Oak Tree
11:10:13  INFO      [108/787] Fetching art for: Wings – Mull Of Kintyre / Girl's School
11:10:14  WARNING   No search result for: Wings – Mull Of Kintyre / Girl's School
11:10:14  WARNING   [108/787] FAIL  no image URL found for: Wings – Mull Of Kintyre / Girl's School
11:10:14  INFO      [109/787] SKIP  Rod Stewart – Sailing  (already exists)
11:10:14  INFO      [110/787] SKIP  Queen – Bohemian Rhapsody  (already exists)
11:10:14  INFO      [111/787] SKIP  Nilsson – Without You  (already exists)
11:10:14  INFO      [112/787] SKIP  Middle Of The Road – Chirpy Chirpy Cheep Cheep  (already exists)
11:10:14  INFO      [113/787] SKIP  Elvis Presley – The Wonder Of You  (already exists)
11:10:14  INFO      [114/787] SKIP  Judy Collins – Amazing Grace  (already exists)
11:10:14  INFO      [115/787] SKIP  Dawn – Knock Three Times  (already exists)
11:10:14  INFO      [116/787] SKIP  Free – All Right Now  (already exists)
11:10:14  INFO      [117/787] Fetching art for: Little Jimmy Osmond – Long Haired Lover From Liverpool
11:10:14  WARNING   No search result for: Little Jimmy Osmond – Long Haired Lover From Liverpool
11:10:14  WARNING   [117/787] FAIL  no image URL found for: Little Jimmy Osmond – Long Haired Lover From Liverpool
11:10:14  INFO      [118/787] SKIP  Mungo Jerry – In The Summertime  (already exists)
11:10:14  INFO      [119/787] SKIP  Rod Stewart – Maggie May / Reason To Believe  (already exists)
11:10:14  INFO      [120/787] SKIP  Silver – Wham Bam Shang‐A‐Lang  (already exists)
11:10:14  INFO      [121/787] SKIP  Brotherhood Of Man – Save Your Kisses For Me  (already exists)
11:10:14  INFO      [122/787] SKIP  Pussycat – Mississippi  (already exists)
11:10:14  INFO      [123/787] SKIP  Dave Edmunds – I Hear You Knocking  (already exists)
11:10:14  INFO      [124/787] SKIP  John Travolta & Olivia Newton-John – Summer Nights  (already exists)
11:10:14  INFO      [125/787] SKIP  Freda Payne – Band Of Gold  (already exists)
11:10:14  INFO      [126/787] SKIP  Clive Dunn – Grandad  (already exists)
11:10:14  INFO      [127/787] SKIP  Peters & Lee – Welcome Home  (already exists)
11:10:14  INFO      [128/787] SKIP  T Rex – Hot Love  (already exists)
11:10:14  INFO      [129/787] SKIP  Frank Sinatra – My Way  (already exists)
11:10:14  INFO      [130/787] SKIP  Elton John & Kiki Dee – Don't Go Breaking My Heart  (already exists)
11:10:14  INFO      [131/787] SKIP  Abba – Fernando  (already exists)
11:10:14  INFO      [132/787] SKIP  Simon & Garfunkel – Bridge Over Troubled Water  (already exists)
11:10:14  INFO      [133/787] SKIP  Bay City Rollers – Bye Bye Baby  (already exists)
11:10:14  INFO      [134/787] SKIP  George Harrison – My Sweet Lord  (already exists)
11:10:14  INFO      [135/787] SKIP  Abba – Dancing Queen  (already exists)
11:10:14  INFO      [136/787] SKIP  Donny Osmond – Puppy Love  (already exists)
11:10:14  INFO      [137/787] SKIP  Art Garfunkel – Bright Eyes  (already exists)
11:10:14  INFO      [138/787] SKIP  Showaddywaddy – Under The Moon Of Love  (already exists)
11:10:14  INFO      [139/787] SKIP  Gary Glitter – I Love You Love Me Love  (already exists)
11:10:14  INFO      [140/787] SKIP  Chuck Berry – My Ding-A-Ling  (already exists)
11:10:14  INFO      [141/787] SKIP  Simon Park Orchestra – Eye Level  (already exists)
11:10:14  INFO      [142/787] SKIP  The New Seekers – I'd Like To Teach The World To Sing (In Perfect Harmony)  (already exists)
11:10:14  INFO      [143/787] SKIP  David Soul – Don't Give Up On Us  (already exists)
11:10:14  INFO      [144/787] SKIP  Benny Hill – Ernie (The Fastest Milkman In The West)  (already exists)
11:10:14  INFO      [145/787] SKIP  Abba – Knowing Me, Knowing You  (already exists)
11:10:14  INFO      [146/787] SKIP  Lieutenant Pigeon – Mouldy Old Dough  (already exists)
11:10:14  INFO      [147/787] SKIP  The Village People – YMCA  (already exists)
11:10:14  INFO      [148/787] SKIP  The Bee Gees – Night Fever  (already exists)
11:10:14  INFO      [149/787] SKIP  The Sweet – Blockbuster  (already exists)
11:10:14  INFO      [150/787] SKIP  Rolf Harris – Two Little Boys  (already exists)
11:10:14  INFO      [151/787] SKIP  Lee Marvin – Wand'rin' Star  (already exists)
11:10:14  INFO      [152/787] SKIP  Cliff Richard – We Don't Talk Anymore  (already exists)
11:10:14  INFO      [153/787] SKIP  Chicago – If You Leave Me Now  (already exists)
11:10:14  INFO      [154/787] SKIP  Elvis Presley – Way Down  (already exists)
11:10:14  INFO      [155/787] SKIP  The Commodores – Three Times A Lady  (already exists)
11:10:14  INFO      [156/787] SKIP  Norman Greenbaum – Spirit In The Sky  (already exists)
11:10:14  INFO      [157/787] SKIP  The Tams – Hey Girl Don't Bother Me  (already exists)
11:10:14  INFO      [158/787] SKIP  Diana Ross – I'm Still Waiting  (already exists)
11:10:14  INFO      [159/787] Fetching art for: Rod Stewart – I Don't Want To Talk About It / First Cut Is The Deepest
11:10:14  WARNING   No search result for: Rod Stewart – I Don't Want To Talk About It / First Cut Is The Deepest
11:10:14  WARNING   [159/787] FAIL  no image URL found for: Rod Stewart – I Don't Want To Talk About It / First Cut Is The Deepest
11:10:14  INFO      [160/787] SKIP  The New Seekers – You Won't Find Another Fool Like Me  (already exists)
11:10:14  INFO      [161/787] SKIP  England World Cup Squad – Back Home  (already exists)
11:10:14  INFO      [162/787] SKIP  Brian & Michael – Matchstalk Men And Matchstalk Cats And Dogs  (already exists)
11:10:14  INFO      [163/787] SKIP  Dr Hook – When You're In Love With A Beautiful Woman  (already exists)
11:10:14  INFO      [164/787] Fetching art for: Father Abraham & The Smurfs – The Smurf Song
11:10:14  WARNING   No search result for: Father Abraham & The Smurfs – The Smurf Song
11:10:14  WARNING   [164/787] FAIL  no image URL found for: Father Abraham & The Smurfs – The Smurf Song
11:10:14  INFO      [165/787] SKIP  Tubeway Army – Are 'Friends' Electric  (already exists)
11:10:14  INFO      [166/787] SKIP  Julie Covington – Don't Cry For Me Argentina  (already exists)
11:10:15  INFO      [167/787] SKIP  Slade – Coz I Luv You  (already exists)
11:10:15  INFO      [168/787] SKIP  Wizzard – See My Baby Jive  (already exists)
11:10:15  INFO      [169/787] SKIP  David Essex – Gonna Make You A Star  (already exists)
11:10:15  INFO      [170/787] SKIP  The Mixtures – Pushbike Song  (already exists)
11:10:15  INFO      [171/787] SKIP  David Soul – Silver Lady  (already exists)
11:10:15  INFO      [172/787] SKIP  Christie – Yellow River  (already exists)
11:10:15  INFO      [173/787] SKIP  Smokey Robinson & The Miracles – Tears Of A Clown  (already exists)
11:10:15  INFO      [174/787] SKIP  Edison Lighthouse – Love Grows (Where My Rosemary Grows)  (already exists)
11:10:15  INFO      [175/787] SKIP  The New Seekers – Never Ending Song Of Love  (already exists)
11:10:15  INFO      [176/787] SKIP  Gloria Gaynor – I Will Survive  (already exists)
11:10:15  INFO      [177/787] SKIP  Dr Hook – A Little Bit More  (already exists)
11:10:15  INFO      [178/787] SKIP  Windsor Davies & Don Estelle – Whispering Grass  (already exists)
11:10:15  INFO      [179/787] SKIP  The Osmonds – Crazy Horses  (already exists)
11:10:15  INFO      [180/787] SKIP  T Rex – Get It On  (already exists)
11:10:15  INFO      [181/787] SKIP  The Boomtown Rats – I Don't Like Mondays  (already exists)
11:10:15  INFO      [182/787] SKIP  Perry Como – And I Love You So  (already exists)
11:10:15  INFO      [183/787] SKIP  The Three Degrees – When Will I See You Again  (already exists)
11:10:15  INFO      [184/787] SKIP  Alvin Stardust – My Coo-Ca-Choo  (already exists)
11:10:15  INFO      [185/787] SKIP  T Rex – Metal Guru  (already exists)
11:10:15  INFO      [186/787] Fetching art for: Neil Reid – Mother Of Mine
11:10:15  WARNING   No search result for: Neil Reid – Mother Of Mine
11:10:15  WARNING   [186/787] FAIL  no image URL found for: Neil Reid – Mother Of Mine
11:10:15  INFO      [187/787] SKIP  Gary Glitter – I'm The Leader Of The Gang (I Am)  (already exists)
11:10:15  INFO      [188/787] SKIP  Matthew's Southern Comfort – Woodstock  (already exists)
11:10:15  INFO      [189/787] SKIP  T Rex – Jeepster  (already exists)
11:10:15  INFO      [190/787] SKIP  Abba – Take A Chance On Me  (already exists)
11:10:15  INFO      [191/787] SKIP  Donna Summer – I Feel Love  (already exists)
11:10:15  INFO      [192/787] SKIP  Charles Aznavour – She  (already exists)
11:10:15  INFO      [193/787] SKIP  The Brighouse & Rastrick Brass Band – Floral Dance  (already exists)
11:10:15  INFO      [194/787] SKIP  George McCrae – Rock Your Baby  (already exists)
11:10:15  INFO      [195/787] SKIP  Blondie – Heart Of Glass  (already exists)
11:10:15  INFO      [196/787] SKIP  Brotherhood Of Man – Angelo  (already exists)
11:10:15  INFO      [197/787] SKIP  Kate Bush – Wuthering Heights  (already exists)
11:10:15  INFO      [198/787] SKIP  Leo Sayer – When I Need You  (already exists)
11:10:15  INFO      [199/787] SKIP  The Manhattan Transfer – Chanson D'Amour  (already exists)
11:10:15  INFO      [200/787] SKIP  Kansas – Carry on Wayward Son  (already exists)
11:10:15  INFO      [201/787] SKIP  Frankie Goes To Hollywood – Relax  (already exists)
11:10:15  INFO      [202/787] SKIP  Frankie Goes To Hollywood – Two Tribes  (already exists)
11:10:15  INFO      [203/787] SKIP  Stevie Wonder – I Just Called To Say I Love You  (already exists)
11:10:15  INFO      [204/787] SKIP  Black Box – Ride On Time  (already exists)
11:10:15  INFO      [205/787] SKIP  Jennifer Rush – The Power Of Love  (already exists)
11:10:15  INFO      [206/787] SKIP  Band Aid – Do They Know It's Christmas?  (already exists)
11:10:15  INFO      [207/787] SKIP  Culture Club – Karma Chameleon  (already exists)
11:10:15  INFO      [208/787] SKIP  Jive Bunny & The Mastermixers – Swing The Mood  (already exists)
11:10:15  INFO      [209/787] SKIP  Rick Astley – Never Gonna Give You Up  (already exists)
11:10:15  INFO      [210/787] SKIP  Ray Parker Jr – Ghostbusters  (already exists)
11:10:15  INFO      [211/787] SKIP  Lionel Richie – Hello  (already exists)
11:10:15  INFO      [212/787] SKIP  George Michael – Careless Whisper  (already exists)
11:10:15  INFO      [213/787] SKIP  Kylie Minogue – I Should Be So Lucky  (already exists)
11:10:15  INFO      [214/787] SKIP  Starship – Nothing's Gonna Stop Us Now  (already exists)
11:10:15  INFO      [215/787] SKIP  Elaine Paige & Barbara Dickson – I Know Him So Well  (already exists)
11:10:15  INFO      [216/787] SKIP  Kylie & Jason – Especially For You  (already exists)
11:10:15  INFO      [217/787] Fetching art for: Dexy's Midnight Runners With The Emerald Express – Come On Eileen
11:10:15  WARNING   No search result for: Dexy's Midnight Runners With The Emerald Express – Come On Eileen
11:10:15  WARNING   [217/787] FAIL  no image URL found for: Dexy's Midnight Runners With The Emerald Express – Come On Eileen
11:10:15  INFO      [218/787] SKIP  Billy Joel – Uptown Girl  (already exists)
11:10:15  INFO      [219/787] SKIP  Sister Sledge – Frankie  (already exists)
11:10:15  INFO      [220/787] SKIP  Survivor – Eye Of The Tiger  (already exists)
11:10:15  INFO      [221/787] SKIP  T'Pau – China In Your Hand  (already exists)
11:10:15  INFO      [222/787] SKIP  Yazz & The Plastic Population – The Only Way Is Up  (already exists)
11:10:15  INFO      [223/787] SKIP  Soft Cell – Tainted Love  (already exists)
11:10:15  INFO      [224/787] SKIP  The Human League – Don't You Want Me  (already exists)
11:10:15  INFO      [225/787] SKIP  The Communards – Don't Leave Me This Way  (already exists)
11:10:15  INFO      [226/787] SKIP  Jackie Wilson – Reet Petite  (already exists)
11:10:15  INFO      [227/787] SKIP  Paul Hardcastle – 19  (already exists)
11:10:15  INFO      [228/787] SKIP  Irene Cara – Fame  (already exists)
11:10:15  INFO      [229/787] SKIP  Berlin – Take My Breath Away (Love Theme From 'Top Gun')  (already exists)
11:10:15  INFO      [230/787] SKIP  Madonna – Into The Groove  (already exists)
11:10:15  INFO      [231/787] SKIP  The Bangles – Eternal Flame  (already exists)
11:10:15  INFO      [232/787] SKIP  Renee & Renato – Save Your Love  (already exists)
11:10:15  INFO      [233/787] SKIP  Black Lace – Agadoo  (already exists)
11:10:15  INFO      [234/787] SKIP  Chaka Khan – I Feel For You  (already exists)
11:10:15  INFO      [235/787] SKIP  Diana Ross – Chain Reaction  (already exists)
11:10:15  INFO      [236/787] SKIP  Shakin' Stevens – This Ole House  (already exists)
11:10:15  INFO      [237/787] SKIP  Adam & The Ants – Stand And Deliver  (already exists)
11:10:15  INFO      [238/787] SKIP  UB40 – Red Red Wine  (already exists)
11:10:15  INFO      [239/787] SKIP  Boris Gardiner – I Want To Wake Up With You  (already exists)
11:10:15  INFO      [240/787] SKIP  Soul II Soul – Back To Life (However Do You Want Me)  (already exists)
11:10:15  INFO      [241/787] SKIP  Whitney Houston – Saving All My Love For You  (already exists)
11:10:15  INFO      [242/787] SKIP  Billy Ocean – When The Going Gets Tough (The Tough Get Going)  (already exists)
11:10:15  INFO      [243/787] SKIP  Chris De Burgh – The Lady In Red  (already exists)
11:10:15  INFO      [244/787] SKIP  Whitney Houston – I Wanna Dance With Somebody (Who Loves Me)  (already exists)
11:10:15  INFO      [245/787] SKIP  Phyllis Nelson – Move Closer  (already exists)
11:10:15  INFO      [246/787] SKIP  Madonna – Papa Don't Preach  (already exists)
11:10:15  INFO      [247/787] SKIP  Paul Young – Wherever I Lay My Hat (That's My Home)  (already exists)
11:10:15  INFO      [248/787] SKIP  Tight Fit – The Lion Sleeps Tonight  (already exists)
11:10:15  INFO      [249/787] SKIP  Europe – The Final Countdown  (already exists)
11:10:15  INFO      [250/787] SKIP  Bucks Fizz – The Land Of Make Believe  (already exists)
11:10:15  INFO      [251/787] SKIP  The Specials – Ghost Town  (already exists)
11:10:15  INFO      [252/787] SKIP  Phil Collins – You Can't Hurry Love  (already exists)
11:10:15  INFO      [253/787] SKIP  Culture Club – Do You Really Want To Hurt Me?  (already exists)
11:10:15  INFO      [254/787] SKIP  Freeez – IOU  (already exists)
11:10:15  INFO      [255/787] SKIP  The Tweets – The Birdie Song (Birdie Dance)  (already exists)
11:10:15  INFO      [256/787] Fetching art for: Philip Bailey With Phil Collins – Easy Lover
11:10:15  WARNING   No search result for: Philip Bailey With Phil Collins – Easy Lover
11:10:15  WARNING   [256/787] FAIL  no image URL found for: Philip Bailey With Phil Collins – Easy Lover
11:10:15  INFO      [257/787] SKIP  Duran Duran – The Reflex  (already exists)
11:10:15  INFO      [258/787] SKIP  The Bee Gees – You Win Again  (already exists)
11:10:15  INFO      [259/787] SKIP  John Lennon – Imagine  (already exists)
11:10:15  INFO      [260/787] SKIP  Foreigner – I Want To Know What Love Is  (already exists)
11:10:15  INFO      [261/787] SKIP  Barbra Streisand – Woman In Love  (already exists)
11:10:15  INFO      [262/787] SKIP  Abba – Super Trouper  (already exists)
11:10:15  INFO      [263/787] SKIP  Don McLean – Crying  (already exists)
11:10:15  INFO      [264/787] SKIP  Pet Shop Boys – Always On My Mind  (already exists)
11:10:15  INFO      [265/787] SKIP  Adam & The Ants – Prince Charming  (already exists)
11:10:15  INFO      [266/787] SKIP  Spandau Ballet – TRUE  (already exists)
11:10:15  INFO      [267/787] SKIP  Wham! – Freedom  (already exists)
11:10:15  INFO      [268/787] SKIP  The Flying Pickets – Only You  (already exists)
11:10:15  INFO      [269/787] SKIP  Glenn Medeiros – Nothing's Gonna Change My Love For You  (already exists)
11:10:15  INFO      [270/787] SKIP  Jason Donovan – Too Many Broken Hearts  (already exists)
11:10:15  INFO      [271/787] SKIP  Grandmaster Flash & Melle Mel – White Lines (Don't Do It)  (already exists)
11:10:15  INFO      [272/787] SKIP  The Police – Every Breath You Take  (already exists)
11:10:15  INFO      [273/787] SKIP  Rod Stewart – Baby Jane  (already exists)
11:10:15  INFO      [274/787] SKIP  Belinda Carlisle – Heaven Is A Place On Earth  (already exists)
11:10:15  INFO      [275/787] SKIP  Doctor & The Medics – Spirit In The Sky  (already exists)
11:10:15  INFO      [276/787] SKIP  Tiffany – I Think We're Alone Now  (already exists)
11:10:15  INFO      [277/787] SKIP  Bucks Fizz – Making Your Mind Up  (already exists)
11:10:15  INFO      [278/787] SKIP  Men At Work – Down Under  (already exists)
11:10:15  INFO      [279/787] SKIP  Ultravox – Vienna  (already exists)
11:10:15  INFO      [280/787] SKIP  Wham! – Wake Me Up Before You Go Go  (already exists)
11:10:15  INFO      [281/787] Fetching art for: Sinitta – So Macho / Cruising
11:10:16  WARNING   No search result for: Sinitta – So Macho / Cruising
11:10:16  WARNING   [281/787] FAIL  no image URL found for: Sinitta – So Macho / Cruising
11:10:16  INFO      [282/787] SKIP  Wet Wet Wet – With A Little Help From My Friends  (already exists)
11:10:16  INFO      [283/787] SKIP  KC & The Sunshine Band – Give It Up  (already exists)
11:10:16  INFO      [284/787] SKIP  Michael Jackson – One Day In Your Life  (already exists)
11:10:16  INFO      [285/787] SKIP  Eddy Grant – I Don't Wanna Dance  (already exists)
11:10:16  INFO      [286/787] SKIP  New Order – Blue Monday  (already exists)
11:10:16  INFO      [287/787] SKIP  David Bowie – Let's Dance  (already exists)
11:10:16  INFO      [288/787] SKIP  David Bowie & Mick Jagger – Dancing In The Street  (already exists)
11:10:16  INFO      [289/787] SKIP  MARRS – Pump Up The Volume  (already exists)
11:10:16  INFO      [290/787] Fetching art for: Marc Almond featuring Gene Pitney – Something's Gotten Hold Of My Heart
11:10:16  WARNING   No search result for: Marc Almond featuring Gene Pitney – Something's Gotten Hold Of My Heart
11:10:16  WARNING   [290/787] FAIL  no image URL found for: Marc Almond featuring Gene Pitney – Something's Gotten Hold Of My Heart
11:10:16  INFO      [291/787] SKIP  Mel & Kim – Respectable  (already exists)
11:10:16  INFO      [292/787] Fetching art for: Erasure – Crackers International (EP)
11:10:16  WARNING   No search result for: Erasure – Crackers International (EP)
11:10:16  WARNING   [292/787] FAIL  no image URL found for: Erasure – Crackers International (EP)
11:10:16  INFO      [293/787] SKIP  Harold Faltermeyer – Axel F  (already exists)
11:10:16  INFO      [294/787] SKIP  Phil Collins – Groovy Kind Of Love  (already exists)
11:10:16  INFO      [295/787] SKIP  Phil Collins – In The Air Tonight  (already exists)
11:10:16  INFO      [296/787] SKIP  Feargal Sharkey – A Good Heart  (already exists)
11:10:16  INFO      [297/787] SKIP  Nena – 99 Red Balloons  (already exists)
11:10:16  INFO      [298/787] SKIP  Wham! – Everything She Wants  (already exists)
11:10:16  INFO      [299/787] Fetching art for: Dave Stewart With Barbara Gaskin – It's My Party
11:10:16  WARNING   No search result for: Dave Stewart With Barbara Gaskin – It's My Party
11:10:16  WARNING   [299/787] FAIL  no image URL found for: Dave Stewart With Barbara Gaskin – It's My Party
11:10:16  INFO      [300/787] SKIP  Judy Boucher – Can't Be With You Tonight  (already exists)
11:10:16  INFO      [301/787] SKIP  Wet Wet Wet – Love Is All Around  (already exists)
11:10:16  INFO      [302/787] SKIP  Bryan Adams – (Everything I Do) I Do It For You  (already exists)
11:10:16  INFO      [303/787] SKIP  Whitney Houston – I Will Always Love You  (already exists)
11:10:16  INFO      [304/787] SKIP  Celine Dion – Think Twice  (already exists)
11:10:16  INFO      [305/787] SKIP  Cher – Believe  (already exists)
11:10:16  INFO      [306/787] SKIP  Meat Loaf – I'd Do Anything For Love (But I Won't Do That)  (already exists)
11:10:16  INFO      [307/787] SKIP  Shakespear's Sister – Stay  (already exists)
11:10:16  INFO      [308/787] SKIP  Snap! – Rhythm Is A Dancer  (already exists)
11:10:16  INFO      [309/787] SKIP  Puff Daddy & Faith Evans – I'll Be Missing You  (already exists)
11:10:16  INFO      [310/787] SKIP  The Spice Girls – Wannabe  (already exists)
11:10:16  INFO      [311/787] SKIP  Elton John – Candle In The Wind  (already exists)
11:10:16  INFO      [312/787] SKIP  Fugees – Killing Me Softly  (already exists)
11:10:16  INFO      [313/787] SKIP  All Saints – Never Ever  (already exists)
11:10:16  INFO      [314/787] SKIP  Steps – Tragedy  (already exists)
11:10:16  INFO      [315/787] SKIP  Aqua – Barbie Girl  (already exists)
11:10:16  INFO      [316/787] Fetching art for: Robson Green & Jerome Flynn – Unchained Melody
11:10:16  WARNING   No search result for: Robson Green & Jerome Flynn – Unchained Melody
11:10:16  WARNING   [316/787] FAIL  no image URL found for: Robson Green & Jerome Flynn – Unchained Melody
11:10:16  INFO      [317/787] SKIP  2 Unlimited – No Limit  (already exists)
11:10:16  INFO      [318/787] SKIP  Celine Dion – My Heart Will Go On  (already exists)
11:10:16  INFO      [319/787] SKIP  D:Ream – Things Can Only Get Better  (already exists)
11:10:16  INFO      [320/787] Fetching art for: Coolio featuring LV – Gangsta's Paradise
11:10:17  WARNING   No search result for: Coolio featuring LV – Gangsta's Paradise
11:10:17  WARNING   [320/787] FAIL  no image URL found for: Coolio featuring LV – Gangsta's Paradise
11:10:17  INFO      [321/787] SKIP  Boyz II Men – End Of The Road  (already exists)
11:10:17  INFO      [322/787] SKIP  Whigfield – Saturday Night  (already exists)
11:10:17  INFO      [323/787] SKIP  Pato Banton – Baby Come Back  (already exists)
11:10:17  INFO      [324/787] SKIP  Michael Jackson – Earth Song  (already exists)
11:10:17  INFO      [325/787] SKIP  Mark Morrison – Return Of The Mack  (already exists)
11:10:17  INFO      [326/787] SKIP  Cher – The Shoop Shoop Song (It's In His Kiss)  (already exists)
11:10:17  INFO      [327/787] Fetching art for: Run-DMC vs Jason Nevins – It's Like That
11:10:17  WARNING   No search result for: Run-DMC vs Jason Nevins – It's Like That
11:10:17  WARNING   [327/787] FAIL  no image URL found for: Run-DMC vs Jason Nevins – It's Like That
11:10:17  INFO      [328/787] SKIP  All-4-One – I Swear  (already exists)
11:10:17  INFO      [329/787] SKIP  KWS – Please Don't Go  (already exists)
11:10:17  INFO      [330/787] SKIP  The Outhere Brothers – Boom Boom Boom  (already exists)
11:10:17  INFO      [331/787] SKIP  Elton John – Sacrifice  (already exists)
11:10:17  INFO      [332/787] SKIP  Gina G – Ooh Aah... Just A Little Bit  (already exists)
11:10:17  INFO      [333/787] SKIP  Chesney Hawkes – The One And Only  (already exists)
11:10:17  INFO      [334/787] SKIP  Adamski – Killer  (already exists)
11:10:17  INFO      [335/787] SKIP  Various Artists – Perfect Day  (already exists)
11:10:17  INFO      [336/787] SKIP  Charles & Eddie – Would I Lie To You?  (already exists)
11:10:17  INFO      [337/787] SKIP  The Righteous Brothers – Unchained Melody  (already exists)
11:10:17  INFO      [338/787] SKIP  Vanilla Ice – Ice Ice Baby  (already exists)
11:10:17  INFO      [339/787] SKIP  Rednex – Cotton Eye Joe  (already exists)
11:10:17  INFO      [340/787] SKIP  Everything But The Girl – Missing  (already exists)
11:10:17  INFO      [341/787] SKIP  No Doubt – Don't Speak  (already exists)
11:10:17  INFO      [342/787] SKIP  Ace Of Base – All That She Wants  (already exists)
11:10:17  INFO      [343/787] SKIP  Queen – Bohemian Rhapsody  (already exists)
11:10:17  INFO      [344/787] SKIP  Right Said Fred – I'm Too Sexy  (already exists)
11:10:17  INFO      [345/787] SKIP  UB40 – (I Can't Help) Falling In Love With You  (already exists)
11:10:17  INFO      [346/787] SKIP  Will Smith – Men In Black  (already exists)
11:10:17  INFO      [347/787] SKIP  R Kelly – I Believe I Can Fly  (already exists)
11:10:17  INFO      [348/787] SKIP  Toni Braxton – Un-Break My Heart  (already exists)
11:10:17  INFO      [349/787] SKIP  Gabrielle – Dreams  (already exists)
11:10:17  INFO      [350/787] SKIP  Britney Spears – Baby One More Time  (already exists)
11:10:17  INFO      [351/787] SKIP  Shaggy – Oh Carolina  (already exists)
11:10:17  INFO      [352/787] SKIP  Robert Miles – Children  (already exists)
11:10:17  INFO      [353/787] SKIP  Bon Jovi – Always  (already exists)
11:10:17  INFO      [354/787] Fetching art for: Peter Andre featuring Bubbler Ranx – Mysterious Girl
11:10:17  WARNING   No search result for: Peter Andre featuring Bubbler Ranx – Mysterious Girl
11:10:17  WARNING   [354/787] FAIL  no image URL found for: Peter Andre featuring Bubbler Ranx – Mysterious Girl
11:10:17  INFO      [355/787] SKIP  Chumbawamba – Tubthumping  (already exists)
11:10:17  INFO      [356/787] SKIP  Sinead O'Connor – Nothing Compares 2 U  (already exists)
11:10:17  INFO      [357/787] SKIP  Culture Beat – Mr Vain  (already exists)
11:10:17  INFO      [358/787] SKIP  East 17 – Stay Another Day  (already exists)
11:10:17  INFO      [359/787] Fetching art for: Baddiel & Skinner and The Lightning Seeds – Three Lions
11:10:17  WARNING   No search result for: Baddiel & Skinner and The Lightning Seeds – Three Lions
11:10:17  WARNING   [359/787] FAIL  no image URL found for: Baddiel & Skinner and The Lightning Seeds – Three Lions
11:10:17  INFO      [360/787] SKIP  Maria McKee – Show Me Heaven  (already exists)
11:10:17  INFO      [361/787] SKIP  LeAnn Rimes – How Do I Live  (already exists)
11:10:17  INFO      [362/787] SKIP  Let Loose – Crazy For You  (already exists)
11:10:17  INFO      [363/787] Fetching art for: Beats International featuring Lindy Layton – Dub Be Good To Me
11:10:18  WARNING   No search result for: Beats International featuring Lindy Layton – Dub Be Good To Me
11:10:18  WARNING   [363/787] FAIL  no image URL found for: Beats International featuring Lindy Layton – Dub Be Good To Me
11:10:18  INFO      [364/787] SKIP  Oasis – Wonderwall  (already exists)
11:10:18  INFO      [365/787] SKIP  B*Witched – C'est La Vie  (already exists)
11:10:18  INFO      [366/787] SKIP  The Outhere Brothers – Don't Stop (Wiggle Wiggle)  (already exists)
11:10:18  INFO      [367/787] SKIP  Right Said Fred – Deeply Dippy  (already exists)
11:10:18  INFO      [368/787] SKIP  Mariah Carey – Without You  (already exists)
11:10:18  INFO      [369/787] SKIP  Madonna – Vogue  (already exists)
11:10:18  INFO      [370/787] SKIP  Robson & Jerome – Up On The Roof  (already exists)
11:10:18  INFO      [371/787] SKIP  Boyzone – No Matter What  (already exists)
11:10:18  INFO      [372/787] SKIP  Boyzone – Father And Son  (already exists)
11:10:18  INFO      [373/787] SKIP  Ricky Martin – Livin' La Vida Loca  (already exists)
11:10:18  INFO      [374/787] SKIP  The Simpsons – Do The Bartman  (already exists)
11:10:18  INFO      [375/787] SKIP  Color Me Badd – I Wanna Sex You Up  (already exists)
11:10:18  INFO      [376/787] SKIP  The Rembrandts – I'll Be There For You  (already exists)
11:10:18  INFO      [377/787] SKIP  Eiffel 65 – Blue (Da Ba Dee)  (already exists)
11:10:18  INFO      [378/787] Fetching art for: Erasure – Abba-esque (EP)
11:10:18  WARNING   No search result for: Erasure – Abba-esque (EP)
11:10:18  WARNING   [378/787] FAIL  no image URL found for: Erasure – Abba-esque (EP)
11:10:18  INFO      [379/787] SKIP  Wet Wet Wet – Goodnight Girl  (already exists)
11:10:18  INFO      [380/787] SKIP  Michael Jackson – You Are Not Alone  (already exists)
11:10:18  INFO      [381/787] SKIP  The Shamen – Ebeneezer Goode  (already exists)
11:10:18  INFO      [382/787] SKIP  Babylon Zoo – Spaceman  (already exists)
11:10:18  INFO      [383/787] SKIP  Take That – Back For Good  (already exists)
11:10:18  INFO      [384/787] Fetching art for: Pras Michel featuring ODB & Mya – Ghetto Supastar (That Is What You Are)
11:10:18  WARNING   No search result for: Pras Michel featuring ODB & Mya – Ghetto Supastar (That Is What You Are)
11:10:18  WARNING   [384/787] FAIL  no image URL found for: Pras Michel featuring ODB & Mya – Ghetto Supastar (That Is What You Are)
11:10:18  INFO      [385/787] SKIP  Jazzy Jeff & Fresh Prince – Boom! Shake The Room  (already exists)
11:10:18  INFO      [386/787] SKIP  Natalie Imbruglia – Torn  (already exists)
11:10:18  INFO      [387/787] SKIP  The Bluebells – Young At Heart  (already exists)
11:10:18  INFO      [388/787] SKIP  Simply Red – Fairground  (already exists)
11:10:18  INFO      [389/787] SKIP  Savage Garden – Truly Madly Deeply  (already exists)
11:10:18  INFO      [390/787] SKIP  Jason Donovan – Any Dream Will Do  (already exists)
11:10:18  INFO      [391/787] SKIP  Robbie Williams – Angels  (already exists)
11:10:18  INFO      [392/787] SKIP  The Prodigy – Breathe  (already exists)
11:10:18  INFO      [393/787] SKIP  Lou Bega – Mambo No 5 (A Little Bit Of...)  (already exists)
11:10:18  INFO      [394/787] SKIP  Jimmy Nail – Ain't No Doubt  (already exists)
11:10:18  INFO      [395/787] SKIP  Shania Twain – That Don't Impress Me Much  (already exists)
11:10:18  INFO      [396/787] SKIP  Bryan Adams – Please Forgive Me  (already exists)
11:10:18  INFO      [397/787] SKIP  Vic Reeves & The Wonder Stuff – Dizzy  (already exists)
11:10:18  INFO      [398/787] Fetching art for: Manchester United Football Squad – Come On You Reds
11:10:18  WARNING   No search result for: Manchester United Football Squad – Come On You Reds
11:10:18  WARNING   [398/787] FAIL  no image URL found for: Manchester United Football Squad – Come On You Reds
11:10:18  INFO      [399/787] Fetching art for: Teletubbies – Teletubbies Say Eh-Oh!
11:10:19  WARNING   No search result for: Teletubbies – Teletubbies Say Eh-Oh!
11:10:19  WARNING   [399/787] FAIL  no image URL found for: Teletubbies – Teletubbies Say Eh-Oh!
11:10:19  INFO      [400/787] SKIP  Snap! – The Power  (already exists)
11:10:19  INFO      [401/787] SKIP  Bombalurina – Itsy Bitsy Teeny Weeny Yellow Polka Dot Bikini  (already exists)
11:10:19  INFO      [402/787] SKIP  The Beautiful South – A Little Time  (already exists)
11:10:19  INFO      [403/787] SKIP  The Adventures Of Stevie V – Dirty Cash  (already exists)
11:10:19  INFO      [404/787] SKIP  The Steve Miller Band – The Joker  (already exists)
11:10:19  INFO      [405/787] SKIP  MC Hammer – U Can't Touch This  (already exists)
11:10:19  INFO      [406/787] SKIP  Alannah Myles – Black Velvet  (already exists)
11:10:19  INFO      [407/787] SKIP  The B-52s – Love Shack  (already exists)
11:10:19  INFO      [408/787] SKIP  Roxette – It Must Have Been Love  (already exists)
11:10:19  INFO      [409/787] Fetching art for: Paula Abdul With The Wild Pair – Opposites Attract
11:10:19  WARNING   No search result for: Paula Abdul With The Wild Pair – Opposites Attract
11:10:19  WARNING   [409/787] FAIL  no image URL found for: Paula Abdul With The Wild Pair – Opposites Attract
11:10:19  INFO      [410/787] SKIP  Luciano Pavarotti – Nessun Dorma  (already exists)
11:10:19  INFO      [411/787] Fetching art for: DNA featuring Suzanne Vega – Tom's Diner
11:10:19  WARNING   No search result for: DNA featuring Suzanne Vega – Tom's Diner
11:10:19  WARNING   [411/787] FAIL  no image URL found for: DNA featuring Suzanne Vega – Tom's Diner
11:10:19  INFO      [412/787] SKIP  Salt-N-Pepa – Let's Talk About Sex  (already exists)
11:10:19  INFO      [413/787] SKIP  James – Sit Down  (already exists)
11:10:19  INFO      [414/787] SKIP  Extreme – More Than Words  (already exists)
11:10:19  INFO      [415/787] SKIP  Michael Jackson – Black Or White  (already exists)
11:10:19  INFO      [416/787] SKIP  The Clash – Should I Stay Or Should I Go  (already exists)
11:10:19  INFO      [417/787] SKIP  Amy Grant – Baby Baby  (already exists)
11:10:19  INFO      [418/787] Fetching art for: Enigma – Sadness Part 1
11:10:19  WARNING   No search result for: Enigma – Sadness Part 1
11:10:19  WARNING   [418/787] FAIL  no image URL found for: Enigma – Sadness Part 1
11:10:19  INFO      [419/787] SKIP  Heavy D & The Boyz – Now That We've Found Love  (already exists)
11:10:19  INFO      [420/787] Fetching art for: Nomad featuring MC Mikee Freedom – (I Wanna Give You) Devotion
11:10:20  WARNING   No search result for: Nomad featuring MC Mikee Freedom – (I Wanna Give You) Devotion
11:10:20  WARNING   [420/787] FAIL  no image URL found for: Nomad featuring MC Mikee Freedom – (I Wanna Give You) Devotion
11:10:20  INFO      [421/787] SKIP  Megadeth – Tornado of souls  (already exists)
11:10:20  INFO      [422/787] Fetching art for: Rihanna featuring Jay-Z – Umbrella
11:10:20  WARNING   No search result for: Rihanna featuring Jay-Z – Umbrella
11:10:20  WARNING   [422/787] FAIL  no image URL found for: Rihanna featuring Jay-Z – Umbrella
11:10:20  INFO      [423/787] SKIP  Shakira featuring Wyclef Jean – Hips Don't Lie  (already exists)
11:10:20  INFO      [424/787] SKIP  James Blunt – You're Beautiful  (already exists)
11:10:20  INFO      [425/787] Fetching art for: Tony Christie featuring Peter Kay – (Is This The Way To) Amarillo
11:10:20  WARNING   No search result for: Tony Christie featuring Peter Kay – (Is This The Way To) Amarillo
11:10:20  WARNING   [425/787] FAIL  no image URL found for: Tony Christie featuring Peter Kay – (Is This The Way To) Amarillo
11:10:20  INFO      [426/787] SKIP  Gnarls Barkley – Crazy  (already exists)
11:10:20  INFO      [427/787] SKIP  Mika – Grace Kelly  (already exists)
11:10:20  INFO      [428/787] SKIP  Take That – Patience  (already exists)
11:10:20  INFO      [429/787] SKIP  Scissor Sisters – I Don't Feel Like Dancin'  (already exists)
11:10:20  INFO      [430/787] SKIP  Daniel Powter – Bad Day  (already exists)
11:10:20  INFO      [431/787] SKIP  The Pussycat Dolls featuring Busta Rhymes – Don't Cha  (already exists)
11:10:20  INFO      [432/787] SKIP  Eric Prydz – Call On Me  (already exists)
11:10:20  INFO      [433/787] SKIP  Atomic Kitten – Whole Again  (already exists)
11:10:20  INFO      [434/787] SKIP  Leona Lewis – Bleeding Love  (already exists)
11:10:20  INFO      [435/787] SKIP  The Black Eyed Peas – Where Is The Love?  (already exists)
11:10:20  INFO      [436/787] Fetching art for: Timbaland featuring Doe & Keri Hilson – The Way I Are
11:10:21  WARNING   No search result for: Timbaland featuring Doe & Keri Hilson – The Way I Are
11:10:21  WARNING   [436/787] FAIL  no image URL found for: Timbaland featuring Doe & Keri Hilson – The Way I Are
11:10:21  INFO      [437/787] SKIP  Madonna – Hung Up  (already exists)
11:10:21  INFO      [438/787] SKIP  Beyonce & Shakira – Beautiful Liar  (already exists)
11:10:21  INFO      [439/787] SKIP  R Kelly – Ignition Remix  (already exists)
11:10:21  INFO      [440/787] SKIP  Kylie Minogue – Can't Get You Out Of My Head  (already exists)
11:10:21  INFO      [441/787] SKIP  Snow Patrol – Chasing Cars  (already exists)
11:10:21  INFO      [442/787] SKIP  Eamon – Fuck It (I Don't Want You Back)  (already exists)
11:10:21  INFO      [443/787] SKIP  DJ Otzi – Hey Baby  (already exists)
11:10:21  INFO      [444/787] Fetching art for: Shaggy featuring Rikrok – It Wasn't Me
11:10:21  WARNING   No search result for: Shaggy featuring Rikrok – It Wasn't Me
11:10:21  WARNING   [444/787] FAIL  no image URL found for: Shaggy featuring Rikrok – It Wasn't Me
11:10:21  INFO      [445/787] SKIP  Enrique Iglesias – Hero  (already exists)
11:10:21  INFO      [446/787] SKIP  The Fray – How To Save A Life  (already exists)
11:10:21  INFO      [447/787] SKIP  Baha Men – Who Let The Dogs Out  (already exists)
11:10:21  INFO      [448/787] SKIP  Kaiser Chiefs – Ruby  (already exists)
11:10:21  INFO      [449/787] SKIP  Daniel Bedingfield – Gotta Get Thru This  (already exists)
11:10:21  INFO      [450/787] SKIP  Evanescence – Bring Me To Life  (already exists)
11:10:21  INFO      [451/787] SKIP  Sandi Thom – I Wish I Was A Punk Rocker (With Flowers In My Hair)  (already exists)
11:10:21  INFO      [452/787] SKIP  Kate Nash – Foundations  (already exists)
11:10:21  INFO      [453/787] SKIP  Blu Cantrell featuring Sean Paul – Breathe  (already exists)
11:10:21  INFO      [454/787] Fetching art for: Nelly featuring Kelly Rowland – Dilemma
11:10:21  WARNING   No search result for: Nelly featuring Kelly Rowland – Dilemma
11:10:21  WARNING   [454/787] FAIL  no image URL found for: Nelly featuring Kelly Rowland – Dilemma
11:10:21  INFO      [455/787] Fetching art for: Gwen Stefani featuring Akon – The Sweet Escape
11:10:21  WARNING   No search result for: Gwen Stefani featuring Akon – The Sweet Escape
11:10:21  WARNING   [455/787] FAIL  no image URL found for: Gwen Stefani featuring Akon – The Sweet Escape
11:10:21  INFO      [456/787] SKIP  Crazy Frog – Axel F  (already exists)
11:10:21  INFO      [457/787] SKIP  Plain White T's – Hey There Delilah  (already exists)
11:10:21  INFO      [458/787] SKIP  Sugababes – About You Now  (already exists)
11:10:21  INFO      [459/787] SKIP  Eminem – Lose Yourself  (already exists)
11:10:21  INFO      [460/787] SKIP  S Club 7 – Don't Stop Movin'  (already exists)
11:10:21  INFO      [461/787] SKIP  Sugababes – Push The Button  (already exists)
11:10:21  INFO      [462/787] SKIP  Las Ketchup – The Ketchup Song (Asereje)  (already exists)
11:10:21  INFO      [463/787] Fetching art for: 2Pac featuring Elton John – Ghetto Gospel
11:10:21  WARNING   No search result for: 2Pac featuring Elton John – Ghetto Gospel
11:10:21  WARNING   [463/787] FAIL  no image URL found for: 2Pac featuring Elton John – Ghetto Gospel
11:10:21  INFO      [464/787] SKIP  Sean Kingston – Beautiful Girls  (already exists)
11:10:21  INFO      [465/787] SKIP  Gorillaz – Feel Good Inc  (already exists)
11:10:21  INFO      [466/787] SKIP  Kanye West – Stronger  (already exists)
11:10:21  INFO      [467/787] Fetching art for: The Notorious BIG featuring Diddy, Nelly, Jagged Edge & Avery Storm – Nasty Girl
11:10:22  WARNING   No search result for: The Notorious BIG featuring Diddy, Nelly, Jagged Edge & Avery Storm – Nasty Girl
11:10:22  WARNING   [467/787] FAIL  no image URL found for: The Notorious BIG featuring Diddy, Nelly, Jagged Edge & Avery Storm – Nasty Girl
11:10:22  INFO      [468/787] SKIP  Akon – Smack That  (already exists)
11:10:22  INFO      [469/787] SKIP  Infernal – From Paris To Berlin  (already exists)
11:10:22  INFO      [470/787] SKIP  Daniel Bedingfield – If You're Not The One  (already exists)
11:10:22  INFO      [471/787] SKIP  Shayne Ward – That's My Goal  (already exists)
11:10:22  INFO      [472/787] SKIP  Girls Aloud – Sound Of The Underground  (already exists)
11:10:22  INFO      [473/787] SKIP  Razorlight – America  (already exists)
11:10:22  INFO      [474/787] SKIP  Shakira – Whenever Wherever  (already exists)
11:10:22  INFO      [475/787] SKIP  Fergie – Big Girls Don't Cry  (already exists)
11:10:22  INFO      [476/787] SKIP  Akon – Lonely  (already exists)
11:10:22  INFO      [477/787] SKIP  Gareth Gates – Unchained Melody  (already exists)
11:10:22  INFO      [478/787] SKIP  Elvis vs JXL – A Little Less Conversation  (already exists)
11:10:22  INFO      [479/787] Fetching art for: Timbaland featuring Nelly Furtado – Give It To Me
11:10:22  WARNING   No search result for: Timbaland featuring Nelly Furtado – Give It To Me
11:10:22  WARNING   [479/787] FAIL  no image URL found for: Timbaland featuring Nelly Furtado – Give It To Me
11:10:22  INFO      [480/787] SKIP  Westlife – You Raise Me Up  (already exists)
11:10:22  INFO      [481/787] SKIP  Take That – Shine  (already exists)
11:10:22  INFO      [482/787] SKIP  Justin Timberlake – Sexyback  (already exists)
11:10:22  INFO      [483/787] SKIP  Outkast – Hey Ya!  (already exists)
11:10:22  INFO      [484/787] SKIP  Afroman – Because I Got High  (already exists)
11:10:22  INFO      [485/787] SKIP  50 Cent – In Da Club  (already exists)
11:10:22  INFO      [486/787] SKIP  Nizlopi – JCB Song  (already exists)
11:10:22  INFO      [487/787] SKIP  Tatu – All The Things She Said  (already exists)
11:10:22  INFO      [488/787] Fetching art for: Mark Ronson featuring Amy Winehouse – Valerie
11:10:22  WARNING   No search result for: Mark Ronson featuring Amy Winehouse – Valerie
11:10:22  WARNING   [488/787] FAIL  no image URL found for: Mark Ronson featuring Amy Winehouse – Valerie
11:10:22  INFO      [489/787] SKIP  Avril Lavigne – Girlfriend  (already exists)
11:10:22  INFO      [490/787] SKIP  Wheatus – Teenage Dirtbag  (already exists)
11:10:22  INFO      [491/787] SKIP  Cascada – Everytime We Touch  (already exists)
11:10:22  INFO      [492/787] SKIP  Anastacia – Left Outside Alone  (already exists)
11:10:22  INFO      [493/787] SKIP  Arctic Monkeys – I Bet You Look Good On The Dancefloor  (already exists)
11:10:22  INFO      [494/787] Fetching art for: Shaggy featuring Rayvon – Angel
11:10:23  WARNING   No search result for: Shaggy featuring Rayvon – Angel
11:10:23  WARNING   [494/787] FAIL  no image URL found for: Shaggy featuring Rayvon – Angel
11:10:23  INFO      [495/787] SKIP  DJ Casper – Cha Cha Slide  (already exists)
11:10:23  INFO      [496/787] SKIP  Bob The Builder – Can We Fix It  (already exists)
11:10:23  INFO      [497/787] SKIP  Nelly Furtado – Maneater  (already exists)
11:10:23  INFO      [498/787] SKIP  Hear'Say – Pure And Simple  (already exists)
11:10:23  INFO      [499/787] Fetching art for: Michael Andrews featuring Gary Jules – Mad World
11:10:23  WARNING   No search result for: Michael Andrews featuring Gary Jules – Mad World
11:10:23  WARNING   [499/787] FAIL  no image URL found for: Michael Andrews featuring Gary Jules – Mad World
11:10:23  INFO      [500/787] SKIP  Atomic Kitten – The Tide Is High (Get The Feeling)  (already exists)
11:10:23  INFO      [501/787] SKIP  Take That – Rule The World  (already exists)
11:10:23  INFO      [502/787] SKIP  Sonique – It Feels So Good  (already exists)
11:10:23  INFO      [503/787] Fetching art for: Kanye West featuring Jamie Foxx – Gold Digger
11:10:23  WARNING   No search result for: Kanye West featuring Jamie Foxx – Gold Digger
11:10:23  WARNING   [503/787] FAIL  no image URL found for: Kanye West featuring Jamie Foxx – Gold Digger
11:10:23  INFO      [504/787] SKIP  Will Young – Leave Right Now  (already exists)
11:10:23  INFO      [505/787] SKIP  Nickelback – How You Remind Me  (already exists)
11:10:23  INFO      [506/787] SKIP  Will Young – Anything Is Possible  (already exists)
11:10:23  INFO      [507/787] SKIP  Orson – No Tomorrow  (already exists)
11:10:23  INFO      [508/787] Fetching art for: Usher featuring Lil' Jon & Ludacris – Yeah!
11:10:23  WARNING   No search result for: Usher featuring Lil' Jon & Ludacris – Yeah!
11:10:23  WARNING   [508/787] FAIL  no image URL found for: Usher featuring Lil' Jon & Ludacris – Yeah!
11:10:23  INFO      [509/787] SKIP  Frankee – FURB (F U Right Back)  (already exists)
11:10:23  INFO      [510/787] SKIP  Kelis – Milkshake  (already exists)
11:10:23  INFO      [511/787] SKIP  Bodyrockers – I Like The Way  (already exists)
11:10:23  INFO      [512/787] SKIP  Beyonce – Crazy In Love  (already exists)
11:10:23  INFO      [513/787] SKIP  Ozzy & Kelly Osbourne – Changes  (already exists)
11:10:23  INFO      [514/787] SKIP  Gareth Gates – Anyone Of Us (Stupid Mistake)  (already exists)
11:10:23  INFO      [515/787] Fetching art for: Room 5 featuring Oliver Cheatham – Make Luv
11:10:24  WARNING   No search result for: Room 5 featuring Oliver Cheatham – Make Luv
11:10:24  WARNING   [515/787] FAIL  no image URL found for: Room 5 featuring Oliver Cheatham – Make Luv
11:10:24  INFO      [516/787] Fetching art for: 50 Cent featuring Justin Timberlake & Timbaland – Ayo Technology
11:10:24  WARNING   No search result for: 50 Cent featuring Justin Timberlake & Timbaland – Ayo Technology
11:10:24  WARNING   [516/787] FAIL  no image URL found for: 50 Cent featuring Justin Timberlake & Timbaland – Ayo Technology
11:10:24  INFO      [517/787] Fetching art for: Mario Winans featuring Enya & P Diddy – I Don't Wanna Know
11:10:24  WARNING   No search result for: Mario Winans featuring Enya & P Diddy – I Don't Wanna Know
11:10:24  WARNING   [517/787] FAIL  no image URL found for: Mario Winans featuring Enya & P Diddy – I Don't Wanna Know
11:10:24  INFO      [518/787] SKIP  Enrique Iglesias – Do You Know? (The Ping Pong Song)  (already exists)
11:10:24  INFO      [519/787] SKIP  Kevin Lyttle – Turn Me On  (already exists)
11:10:24  INFO      [520/787] Fetching art for: Fedde Le Grande – Put Your Hands Up For Detroit
11:10:24  WARNING   No search result for: Fedde Le Grande – Put Your Hands Up For Detroit
11:10:24  WARNING   [520/787] FAIL  no image URL found for: Fedde Le Grande – Put Your Hands Up For Detroit
11:10:24  INFO      [521/787] SKIP  Lily Allen – Smile  (already exists)
11:10:24  INFO      [522/787] SKIP  Modjo – Lady (Hear Me Tonight)  (already exists)
11:10:24  INFO      [523/787] SKIP  Spiller – Groovejet (If This Ain't Love)  (already exists)
11:10:24  INFO      [524/787] SKIP  Ronan Keating – Life Is A Rollercoaster  (already exists)
11:10:24  INFO      [525/787] SKIP  Britney Spears – Oops!... I Did It Again  (already exists)
11:10:24  INFO      [526/787] SKIP  Madonna – Music  (already exists)
11:10:24  INFO      [527/787] SKIP  The Bloodhound Gang – The Bad Touch  (already exists)
11:10:24  INFO      [528/787] SKIP  Craig David – 7 Days  (already exists)
11:10:24  INFO      [529/787] SKIP  Mariah Carey & Westlife – Against All Odds  (already exists)
11:10:24  INFO      [530/787] SKIP  Darude – Sandstorm  (already exists)
11:10:24  INFO      [531/787] Fetching art for: Artful Dodger featuring Craig David – Re-Rewind The Crowd Say Bo Selecta
11:10:25  WARNING   No search result for: Artful Dodger featuring Craig David – Re-Rewind The Crowd Say Bo Selecta
11:10:25  WARNING   [531/787] FAIL  no image URL found for: Artful Dodger featuring Craig David – Re-Rewind The Crowd Say Bo Selecta
11:10:25  INFO      [532/787] SKIP  Christina Aguilera, Lil' Kim, Mya & Pink – Lady Marmalade  (already exists)
11:10:25  INFO      [533/787] SKIP  DJ Pied Piper – Do You Really Like It?  (already exists)
11:10:25  INFO      [534/787] SKIP  Gorillaz – Clint Eastwood  (already exists)
11:10:25  INFO      [535/787] SKIP  Geri Halliwell – It's Raining Men  (already exists)
11:10:25  INFO      [536/787] SKIP  Atomic Kitten – Eternal Flame  (already exists)
11:10:25  INFO      [537/787] SKIP  Limp Bizkit – Rollin'  (already exists)
11:10:25  INFO      [538/787] SKIP  Westlife – Uptown Girl  (already exists)
11:10:25  INFO      [539/787] SKIP  Five – Let's Dance  (already exists)
11:10:25  INFO      [540/787] SKIP  Ian Van Dahl – Castles In The Sky  (already exists)
11:10:25  INFO      [541/787] Fetching art for: Rui Da Silva featuring Cassandra – Touch Me
11:10:25  WARNING   No search result for: Rui Da Silva featuring Cassandra – Touch Me
11:10:25  WARNING   [541/787] FAIL  no image URL found for: Rui Da Silva featuring Cassandra – Touch Me
11:10:25  INFO      [542/787] SKIP  Ed Sheeran – Thinking Out Loud  (already exists)
11:10:25  INFO      [543/787] SKIP  Ed Sheeran – Perfect  (already exists)
11:10:25  INFO      [544/787] SKIP  Ed Sheeran – Shape of You  (already exists)
11:10:25  INFO      [545/787] SKIP  George Ezra – Shotgun  (already exists)
11:10:25  INFO      [546/787] SKIP  John Legend – All Of Me  (already exists)
11:10:25  INFO      [547/787] SKIP  Pharrell Williams – Happy  (already exists)
11:10:25  INFO      [548/787] Fetching art for: Clean Bandit Ft Jess Glynne – Rather Be
11:10:25  WARNING   No search result for: Clean Bandit Ft Jess Glynne – Rather Be
11:10:25  WARNING   [548/787] FAIL  no image URL found for: Clean Bandit Ft Jess Glynne – Rather Be
11:10:25  INFO      [549/787] SKIP  Sia – Chandelier  (already exists)
11:10:25  INFO      [550/787] SKIP  Hozier – Take Me To Church  (already exists)
11:10:25  INFO      [551/787] SKIP  Adele – Someone Like You  (already exists)
11:10:25  INFO      [552/787] SKIP  Bastille – Pompeii  (already exists)
11:10:25  INFO      [553/787] SKIP  Keala Settle & The Greatest Showman Ensemble – This Is Me  (already exists)
11:10:25  INFO      [554/787] SKIP  Idina Menzel – Let It Go  (already exists)
11:10:25  INFO      [555/787] SKIP  Lewis Capaldi – Someone You Loved  (already exists)
11:10:25  INFO      [556/787] SKIP  Mark Ronson Ft Bruno Mars – Uptown Funk  (already exists)
11:10:25  INFO      [557/787] SKIP  Sam Smith – Stay With Me  (already exists)
11:10:25  INFO      [558/787] SKIP  Onerepublic – Counting Stars  (already exists)
11:10:25  INFO      [559/787] SKIP  Mariah Carey – All I Want for Christmas Is You  (already exists)
11:10:25  INFO      [560/787] SKIP  George Ezra – Budapest  (already exists)
11:10:25  INFO      [561/787] Fetching art for: Drake Ft Wizkid & Kyla – One Dance
11:10:25  WARNING   No search result for: Drake Ft Wizkid & Kyla – One Dance
11:10:25  WARNING   [561/787] FAIL  no image URL found for: Drake Ft Wizkid & Kyla – One Dance
11:10:25  INFO      [562/787] SKIP  David Guetta Ft Sia – Titanium  (already exists)
11:10:25  INFO      [563/787] SKIP  Major Lazer Ft MØ & DJ Snake – Lean On  (already exists)
11:10:25  INFO      [564/787] SKIP  Avicii – Wake Me Up  (already exists)
11:10:25  INFO      [565/787] SKIP  Passenger – Let Her Go  (already exists)
11:10:25  INFO      [566/787] SKIP  Imagine Dragons – Radioactive  (already exists)
11:10:25  INFO      [567/787] SKIP  Justin Bieber – Sorry  (already exists)
11:10:25  INFO      [568/787] Fetching art for: Maroon 5 Ft Christina Aguilera – Moves Like Jagger
11:10:26  WARNING   No search result for: Maroon 5 Ft Christina Aguilera – Moves Like Jagger
11:10:26  WARNING   [568/787] FAIL  no image URL found for: Maroon 5 Ft Christina Aguilera – Moves Like Jagger
11:10:26  INFO      [569/787] SKIP  Sia – Cheap Thrills  (already exists)
11:10:26  INFO      [570/787] Fetching art for: Gotye Ft Kimbra – Somebody That I Used To Know
11:10:26  WARNING   No search result for: Gotye Ft Kimbra – Somebody That I Used To Know
11:10:26  WARNING   [570/787] FAIL  no image URL found for: Gotye Ft Kimbra – Somebody That I Used To Know
11:10:26  INFO      [571/787] Fetching art for: The Pogues Ft Kirsty MacColl – Fairytale of New York
11:10:26  WARNING   No search result for: The Pogues Ft Kirsty MacColl – Fairytale of New York
11:10:26  WARNING   [571/787] FAIL  no image URL found for: The Pogues Ft Kirsty MacColl – Fairytale of New York
11:10:26  INFO      [572/787] SKIP  Ed Sheeran – Photograph  (already exists)
11:10:26  INFO      [573/787] SKIP  Lmfao – Party Rock Anthem  (already exists)
11:10:26  INFO      [574/787] SKIP  Justin Bieber – What Do You Mean?  (already exists)
11:10:26  INFO      [575/787] SKIP  Justin Timberlake – Can't Stop The Feeling!  (already exists)
11:10:26  INFO      [576/787] SKIP  Dua Lipa – New Rules  (already exists)
11:10:26  INFO      [577/787] SKIP  Lmfao – Sexy And I Know It  (already exists)
11:10:26  INFO      [578/787] SKIP  James Bay – Hold Back The River  (already exists)
11:10:26  INFO      [579/787] Fetching art for: Luis Fonsi & Daddy Yankee Ft Justin Bieber – Despacito (Remix)
11:10:26  WARNING   No search result for: Luis Fonsi & Daddy Yankee Ft Justin Bieber – Despacito (Remix)
11:10:26  WARNING   [579/787] FAIL  no image URL found for: Luis Fonsi & Daddy Yankee Ft Justin Bieber – Despacito (Remix)
11:10:26  INFO      [580/787] SKIP  Mr Probz – Waves  (already exists)
11:10:26  INFO      [581/787] SKIP  Adele – Rolling In The Deep  (already exists)
11:10:26  INFO      [582/787] SKIP  Lumineers – Ho Hey  (already exists)
11:10:26  INFO      [583/787] SKIP  Justin Bieber – Love Yourself  (already exists)
11:10:26  INFO      [584/787] SKIP  Camila Cabello Ft Young Thug – Havana  (already exists)
11:10:26  INFO      [585/787] SKIP  Shawn Mendes – Stitches  (already exists)
11:10:26  INFO      [586/787] SKIP  Lady Gaga & Bradley Cooper – Shallow  (already exists)
11:10:26  INFO      [587/787] SKIP  Ed Sheeran – The A Team  (already exists)
11:10:26  INFO      [588/787] SKIP  Weeknd – Can't Feel My Face  (already exists)
11:10:26  INFO      [589/787] SKIP  Weeknd – The Hills  (already exists)
11:10:26  INFO      [590/787] Fetching art for: Eminem Ft Rihanna – Love The Way You Lie
11:10:27  WARNING   No search result for: Eminem Ft Rihanna – Love The Way You Lie
11:10:27  WARNING   [590/787] FAIL  no image URL found for: Eminem Ft Rihanna – Love The Way You Lie
11:10:27  INFO      [591/787] Fetching art for: Skrillex & Diplo Ft Justin Bieber – Where Are U Now
11:10:27  WARNING   No search result for: Skrillex & Diplo Ft Justin Bieber – Where Are U Now
11:10:27  WARNING   [591/787] FAIL  no image URL found for: Skrillex & Diplo Ft Justin Bieber – Where Are U Now
11:10:27  INFO      [592/787] SKIP  Jessie J Ft BoB – Price Tag  (already exists)
11:10:27  INFO      [593/787] SKIP  Adele – Make You Feel My Love  (already exists)
11:10:27  INFO      [594/787] SKIP  Carly Rae Jepsen – Call Me Maybe  (already exists)
11:10:27  INFO      [595/787] SKIP  Christina Perri – A Thousand Years  (already exists)
11:10:27  INFO      [596/787] SKIP  PSY – Gangnam Style  (already exists)
11:10:27  INFO      [597/787] SKIP  Vance Joy – Riptide  (already exists)
11:10:27  INFO      [598/787] SKIP  Christina Perri – Jar Of Hearts  (already exists)
11:10:27  INFO      [599/787] Fetching art for: Robin Thicke Ft T.I. & Pharrell – Blurred Lines
11:10:27  WARNING   No search result for: Robin Thicke Ft T.I. & Pharrell – Blurred Lines
11:10:27  WARNING   [599/787] FAIL  no image URL found for: Robin Thicke Ft T.I. & Pharrell – Blurred Lines
11:10:27  INFO      [600/787] SKIP  Tinie Tempah – Pass Out  (already exists)
11:10:27  INFO      [601/787] Fetching art for: Omi Ft Nicki Jam – Cheerleader
11:10:27  WARNING   No search result for: Omi Ft Nicki Jam – Cheerleader
11:10:27  WARNING   [601/787] FAIL  no image URL found for: Omi Ft Nicki Jam – Cheerleader
11:10:27  INFO      [602/787] SKIP  Walk The Moon – Shut Up and Dance  (already exists)
11:10:27  INFO      [603/787] SKIP  Rudimental Ft John Newman – Feel The Love  (already exists)
11:10:27  INFO      [604/787] Fetching art for: Rihanna Ft Calvin Harris – We Found Love
11:10:28  WARNING   No search result for: Rihanna Ft Calvin Harris – We Found Love
11:10:28  WARNING   [604/787] FAIL  no image URL found for: Rihanna Ft Calvin Harris – We Found Love
11:10:28  INFO      [605/787] SKIP  Coldplay – Paradise  (already exists)
11:10:28  INFO      [606/787] SKIP  Bruno Mars – Just the Way You Are  (already exists)
11:10:28  INFO      [607/787] SKIP  One Direction – What Makes You Beautiful  (already exists)
11:10:28  INFO      [608/787] SKIP  Calum Scott – Dancing On My Own  (already exists)
11:10:28  INFO      [609/787] SKIP  Ed Sheeran – Sing  (already exists)
11:10:28  INFO      [610/787] Fetching art for: Post Malone Ft Swae Lee – Sunflower
11:10:28  WARNING   No search result for: Post Malone Ft Swae Lee – Sunflower
11:10:28  WARNING   [610/787] FAIL  no image URL found for: Post Malone Ft Swae Lee – Sunflower
11:10:28  INFO      [611/787] SKIP  French Montana Ft Swae Lee – Unforgettable  (already exists)
11:10:28  INFO      [612/787] SKIP  Ella Henderson – Ghost  (already exists)
11:10:28  INFO      [613/787] SKIP  Portugal. The Man – Feel It Still  (already exists)
11:10:28  INFO      [614/787] SKIP  Zara Larsson – Lush Life  (already exists)
11:10:28  INFO      [615/787] SKIP  Ava Max – Sweet but Psycho  (already exists)
11:10:28  INFO      [616/787] SKIP  Daft Punk Ft Pharrell Williams – Get Lucky  (already exists)
11:10:28  INFO      [617/787] SKIP  Ed Sheeran – Don't  (already exists)
11:10:28  INFO      [618/787] SKIP  Adele – Set Fire To The Rain  (already exists)
11:10:28  INFO      [619/787] SKIP  Ed Sheeran – Castle on the Hill  (already exists)
11:10:28  INFO      [620/787] SKIP  Tom Walker – Leave a Light On  (already exists)
11:10:28  INFO      [621/787] SKIP  Katy Perry – Firework  (already exists)
11:10:28  INFO      [622/787] SKIP  Calvin Harris & Disciples – How Deep Is Your Love  (already exists)
11:10:28  INFO      [623/787] SKIP  Wham! – Last Christmas  (already exists)
11:10:28  INFO      [624/787] SKIP  Nicki Minaj – Starships  (already exists)
11:10:28  INFO      [625/787] SKIP  Calvin Harris & Dua Lipa – One Kiss  (already exists)
11:10:28  INFO      [626/787] SKIP  Rihanna – Diamonds  (already exists)
11:10:28  INFO      [627/787] Fetching art for: Fun Ft Janelle Monae – We Are Young
11:10:28  WARNING   No search result for: Fun Ft Janelle Monae – We Are Young
11:10:28  WARNING   [627/787] FAIL  no image URL found for: Fun Ft Janelle Monae – We Are Young
11:10:28  INFO      [628/787] SKIP  Chainsmokers Ft Halsey – Closer  (already exists)
11:10:28  INFO      [629/787] SKIP  Fetty Wap – Trap Queen  (already exists)
11:10:28  INFO      [630/787] SKIP  MNEK & Zara Larsson – Never Forget You  (already exists)
11:10:28  INFO      [631/787] SKIP  Clean Bandit Ft Zara Larsson – Symphony  (already exists)
11:10:28  INFO      [632/787] SKIP  Sam Smith – I'm Not The Only One  (already exists)
11:10:28  INFO      [633/787] Fetching art for: Swedish House Mafia Ft John Martin – Don't You Worry Child
11:10:28  WARNING   No search result for: Swedish House Mafia Ft John Martin – Don't You Worry Child
11:10:28  WARNING   [633/787] FAIL  no image URL found for: Swedish House Mafia Ft John Martin – Don't You Worry Child
11:10:28  INFO      [634/787] SKIP  Blink-182 – Carousel  (already exists)
11:10:28  INFO      [635/787] SKIP  Mike Posner – I Took A Pill In Ibiza  (already exists)
11:10:28  INFO      [636/787] Fetching art for: Chainsmokers Ft Daya – Don't Let Me Down
11:10:29  WARNING   No search result for: Chainsmokers Ft Daya – Don't Let Me Down
11:10:29  WARNING   [636/787] FAIL  no image URL found for: Chainsmokers Ft Daya – Don't Let Me Down
11:10:29  INFO      [637/787] SKIP  Major Lazer Ft Nyla – Light It Up  (already exists)
11:10:29  INFO      [638/787] SKIP  Rag'N'Bone Man – Human  (already exists)
11:10:29  INFO      [639/787] SKIP  Taylor Swift – Shake It Off  (already exists)
11:10:29  INFO      [640/787] SKIP  Lil Nas X – Old Town Road  (already exists)
11:10:29  INFO      [641/787] SKIP  Calvin Harris Ft Rihanna – This Is What You Came For  (already exists)
11:10:29  INFO      [642/787] SKIP  Rihanna – Rude Boy  (already exists)
11:10:29  INFO      [643/787] SKIP  Owl City – Fireflies  (already exists)
11:10:29  INFO      [644/787] SKIP  Jason Derulo – Ridin' Solo  (already exists)
11:10:29  INFO      [645/787] SKIP  Glee Cast – Don't Stop Believin'  (already exists)
11:10:29  INFO      [646/787] Fetching art for: Katy Perry Ft Snoop Dogg – California Gurls
11:10:29  WARNING   No search result for: Katy Perry Ft Snoop Dogg – California Gurls
11:10:29  WARNING   [646/787] FAIL  no image URL found for: Katy Perry Ft Snoop Dogg – California Gurls
11:10:29  INFO      [647/787] SKIP  Train – Hey, Soul Sister  (already exists)
11:10:29  INFO      [648/787] Fetching art for: Yolanda Be Cool Vs D Cup – We No Speak Americano
11:10:29  WARNING   No search result for: Yolanda Be Cool Vs D Cup – We No Speak Americano
11:10:29  WARNING   [648/787] FAIL  no image URL found for: Yolanda Be Cool Vs D Cup – We No Speak Americano
11:10:29  INFO      [649/787] SKIP  Florence & The Machine – Dog Days Are Over  (already exists)
11:10:29  INFO      [650/787] SKIP  Travie McCoy ft Bruno Mars – Billionaire  (already exists)
11:10:29  INFO      [651/787] Fetching art for: Edward Maya ft Vika Jigulina – Stereo Love
11:10:29  WARNING   No search result for: Edward Maya ft Vika Jigulina – Stereo Love
11:10:29  WARNING   [651/787] FAIL  no image URL found for: Edward Maya ft Vika Jigulina – Stereo Love
11:10:29  INFO      [652/787] SKIP  Rihanna – S&M  (already exists)
11:10:29  INFO      [653/787] SKIP  Bruno Mars – Grenade  (already exists)
11:10:29  INFO      [654/787] SKIP  Aloe Blacc – I Need a Dollar  (already exists)
11:10:29  INFO      [655/787] SKIP  Snoop Dogg – Sweat  (already exists)
11:10:29  INFO      [656/787] SKIP  Jennifer Lopez Ft Pitbull – On The Floor  (already exists)
11:10:29  INFO      [657/787] SKIP  Bruno Mars – The Lazy Song  (already exists)
11:10:29  INFO      [658/787] Fetching art for: Chris Brown Ft Benny Benassi – Beautiful People
11:10:30  WARNING   No search result for: Chris Brown Ft Benny Benassi – Beautiful People
11:10:30  WARNING   [658/787] FAIL  no image URL found for: Chris Brown Ft Benny Benassi – Beautiful People
11:10:30  INFO      [659/787] SKIP  Alex Clare – Too Close  (already exists)
11:10:30  INFO      [660/787] Fetching art for: Azealia Banks Ft Lazy Jay – 212
11:10:30  WARNING   No search result for: Azealia Banks Ft Lazy Jay – 212
11:10:30  WARNING   [660/787] FAIL  no image URL found for: Azealia Banks Ft Lazy Jay – 212
11:10:30  INFO      [661/787] SKIP  Emeli Sande – Next To Me  (already exists)
11:10:30  INFO      [662/787] SKIP  Train – Drive By  (already exists)
11:10:30  INFO      [663/787] SKIP  Jason Mraz – I Won't Give Up  (already exists)
11:10:30  INFO      [664/787] Fetching art for: Drake Ft Rihanna – Take Care
11:10:30  WARNING   No search result for: Drake Ft Rihanna – Take Care
11:10:30  WARNING   [664/787] FAIL  no image URL found for: Drake Ft Rihanna – Take Care
11:10:30  INFO      [665/787] Fetching art for: Naughty Boy Ft Sam Smith – La La La
11:10:30  WARNING   No search result for: Naughty Boy Ft Sam Smith – La La La
11:10:30  WARNING   [665/787] FAIL  no image URL found for: Naughty Boy Ft Sam Smith – La La La
11:10:30  INFO      [666/787] SKIP  Bruno Mars – When I Was Your Man  (already exists)
11:10:30  INFO      [667/787] Fetching art for: Will I Am Ft Britney Spears – Scream & Shout
11:10:31  WARNING   No search result for: Will I Am Ft Britney Spears – Scream & Shout
11:10:31  WARNING   [667/787] FAIL  no image URL found for: Will I Am Ft Britney Spears – Scream & Shout
11:10:31  INFO      [668/787] SKIP  Olly Murs – Dear Darlin'  (already exists)
11:10:31  INFO      [669/787] SKIP  Taylor Swift – I Knew You Were Trouble.  (already exists)
11:10:31  INFO      [670/787] SKIP  John Newman – Love Me Again  (already exists)
11:10:31  INFO      [671/787] Fetching art for: Pitbull Ft Kesha – Timber
11:10:31  WARNING   No search result for: Pitbull Ft Kesha – Timber
11:10:31  WARNING   [671/787] FAIL  no image URL found for: Pitbull Ft Kesha – Timber
11:10:31  INFO      [672/787] Fetching art for: Iggy Azalea Ft Charli XCX – Fancy
11:10:31  WARNING   No search result for: Iggy Azalea Ft Charli XCX – Fancy
11:10:31  WARNING   [672/787] FAIL  no image URL found for: Iggy Azalea Ft Charli XCX – Fancy
11:10:31  INFO      [673/787] Fetching art for: Katy Perry Ft Juicy J – Dark Horse
11:10:31  WARNING   No search result for: Katy Perry Ft Juicy J – Dark Horse
11:10:31  WARNING   [673/787] FAIL  no image URL found for: Katy Perry Ft Juicy J – Dark Horse
11:10:31  INFO      [674/787] SKIP  Kiesza – Hideaway  (already exists)
11:10:31  INFO      [675/787] SKIP  Calvin Harris – Summer  (already exists)
11:10:31  INFO      [676/787] SKIP  Ellie Goulding – Love Me Like You Do  (already exists)
11:10:31  INFO      [677/787] SKIP  Years & Years – King  (already exists)
11:10:31  INFO      [678/787] SKIP  Jess Glynne – Hold My Hand  (already exists)
11:10:31  INFO      [679/787] SKIP  Jason Derulo – Want to Want Me  (already exists)
11:10:31  INFO      [680/787] Fetching art for: Wiz Khalifa Ft Charlie Puth – See You Again
11:10:32  WARNING   No search result for: Wiz Khalifa Ft Charlie Puth – See You Again
11:10:32  WARNING   [680/787] FAIL  no image URL found for: Wiz Khalifa Ft Charlie Puth – See You Again
11:10:32  INFO      [681/787] SKIP  Lukas Graham – 7 Years  (already exists)
11:10:32  INFO      [682/787] Fetching art for: Drake Ft Rihanna – Too Good
11:10:32  WARNING   No search result for: Drake Ft Rihanna – Too Good
11:10:32  WARNING   [682/787] FAIL  no image URL found for: Drake Ft Rihanna – Too Good
11:10:32  INFO      [683/787] Fetching art for: Rihanna Ft Drake – Work
11:10:32  WARNING   No search result for: Rihanna Ft Drake – Work
11:10:32  WARNING   [683/787] FAIL  no image URL found for: Rihanna Ft Drake – Work
11:10:32  INFO      [684/787] SKIP  DNCE – Cake By The Ocean  (already exists)
11:10:32  INFO      [685/787] Fetching art for: Fifth Harmony Ft Ty Dolla $ign – Work from Home
11:10:32  WARNING   No search result for: Fifth Harmony Ft Ty Dolla $ign – Work from Home
11:10:32  WARNING   [685/787] FAIL  no image URL found for: Fifth Harmony Ft Ty Dolla $ign – Work from Home
11:10:32  INFO      [686/787] Fetching art for: Jonas Blue Ft Dakota – Fast Car
11:10:33  WARNING   No search result for: Jonas Blue Ft Dakota – Fast Car
11:10:33  WARNING   [686/787] FAIL  no image URL found for: Jonas Blue Ft Dakota – Fast Car
11:10:33  INFO      [687/787] SKIP  Shawn Mendes – Treat You Better  (already exists)
11:10:33  INFO      [688/787] Fetching art for: Jax Jones Ft Raye – You Don't Know Me
11:10:33  WARNING   No search result for: Jax Jones Ft Raye – You Don't Know Me
11:10:33  WARNING   [688/787] FAIL  no image URL found for: Jax Jones Ft Raye – You Don't Know Me
11:10:33  INFO      [689/787] Fetching art for: Jonas Blue Ft William Singe – Mama
11:10:33  WARNING   No search result for: Jonas Blue Ft William Singe – Mama
11:10:33  WARNING   [689/787] FAIL  no image URL found for: Jonas Blue Ft William Singe – Mama
11:10:33  INFO      [690/787] SKIP  Shawn Mendes – There's Nothing Holdin' Me Back  (already exists)
11:10:33  INFO      [691/787] SKIP  Jason Derulo Ft Nicki Minaj & Ty Dolla $ign – Swalla  (already exists)
11:10:33  INFO      [692/787] SKIP  Rita Ora – Your Song  (already exists)
11:10:33  INFO      [693/787] SKIP  Little Mix – Touch  (already exists)
11:10:33  INFO      [694/787] SKIP  J Hus – Did You See  (already exists)
11:10:33  INFO      [695/787] SKIP  Rag'N'Bone Man – Skin  (already exists)
11:10:33  INFO      [696/787] SKIP  Anne-Marie – 2002  (already exists)
11:10:33  INFO      [697/787] SKIP  Cardi B, Bad Bunny & J Balvin – I Like It  (already exists)
11:10:33  INFO      [698/787] SKIP  Post Malone – Better Now  (already exists)
11:10:33  INFO      [699/787] SKIP  Drake – God's Plan  (already exists)
11:10:33  INFO      [700/787] SKIP  Sigala & Paloma Faith – Lullaby  (already exists)
11:10:33  INFO      [701/787] SKIP  Dua Lipa – Idgaf  (already exists)
11:10:33  INFO      [702/787] SKIP  Tyga Ft Offset – Taste  (already exists)
11:10:33  INFO      [703/787] SKIP  Ariana Grande – No Tears Left To Cry  (already exists)
11:10:33  INFO      [704/787] SKIP  Zedd, Maren Morris & Grey – The Middle  (already exists)
11:10:33  INFO      [705/787] SKIP  Benny Blanco, Halsey & Khalid – Eastside  (already exists)
11:10:33  INFO      [706/787] SKIP  Tom Walker – Just You and I  (already exists)
11:10:33  INFO      [707/787] SKIP  Dominic Fike – 3 Nights  (already exists)
11:10:33  INFO      [708/787] Fetching art for: Meduza Ft Goodboys – Piece Of Your Heart
11:10:33  WARNING   No search result for: Meduza Ft Goodboys – Piece Of Your Heart
11:10:33  WARNING   [708/787] FAIL  no image URL found for: Meduza Ft Goodboys – Piece Of Your Heart
11:10:33  INFO      [709/787] SKIP  Jonas Brothers – Sucker  (already exists)
11:10:33  INFO      [710/787] SKIP  Lil Tecca – Ransom  (already exists)
11:10:33  INFO      [711/787] SKIP  The Killers – Mr. Brightside  (already exists)
11:10:33  INFO      [712/787] SKIP  Benson Boone – Beautiful Things  (already exists)
11:10:33  INFO      [713/787] SKIP  Glass Animals – Heat Waves  (already exists)
11:10:33  INFO      [714/787] SKIP  The Weeknd – Blinding Lights  (already exists)
11:10:33  INFO      [715/787] SKIP  Teddy Swims – Lose Control  (already exists)
11:10:33  INFO      [716/787] SKIP  Harry Styles – As It Was  (already exists)
11:10:33  INFO      [717/787] SKIP  Ed Sheeran – Bad Habits  (already exists)
11:10:33  INFO      [718/787] SKIP  Noah Kahan – Stick Season  (already exists)
11:10:33  INFO      [719/787] SKIP  Chappell Roan – Good Luck Babe  (already exists)
11:10:33  INFO      [720/787] SKIP  Billie Eilish – Birds Of A Feather  (already exists)
11:10:33  INFO      [721/787] SKIP  Rema – Calm Down  (already exists)
11:10:33  INFO      [722/787] SKIP  Taylor Swift – Cruel Summer  (already exists)
11:10:33  INFO      [723/787] SKIP  Ed Sheeran – Shivers  (already exists)
11:10:33  INFO      [724/787] SKIP  Chappell Roan – Pink Pony Club  (already exists)
11:10:33  INFO      [725/787] SKIP  Sam Fender – Seventeen Going Under  (already exists)
11:10:33  INFO      [726/787] SKIP  The Weeknd – Save Your Tears  (already exists)
11:10:33  INFO      [727/787] SKIP  Alex Warren – Ordinary  (already exists)
11:10:33  INFO      [728/787] SKIP  Teddy Swims – The Door  (already exists)
11:10:33  INFO      [729/787] SKIP  Shaboozey – A Bar Song (Tipsy)  (already exists)
11:10:33  INFO      [730/787] SKIP  Dua Lipa – Levitating  (already exists)
11:10:33  INFO      [731/787] SKIP  Lady Gaga & Bruno Mars – Die With A Smile  (already exists)
11:10:33  INFO      [732/787] SKIP  Hozier – Too Sweet  (already exists)
11:10:33  INFO      [733/787] Fetching art for: Joel Corry Ft MNEK – Head & Heart
11:10:34  WARNING   No search result for: Joel Corry Ft MNEK – Head & Heart
11:10:34  WARNING   [733/787] FAIL  no image URL found for: Joel Corry Ft MNEK – Head & Heart
11:10:34  INFO      [734/787] SKIP  Myles Smith – Stargazing  (already exists)
11:10:34  INFO      [735/787] SKIP  Tones & I – Dance Monkey  (already exists)
11:10:34  INFO      [736/787] SKIP  George Ezra – Green Green Grass  (already exists)
11:10:34  INFO      [737/787] SKIP  Taylor Swift – Anti-Hero  (already exists)
11:10:34  INFO      [738/787] SKIP  Cassö, RAYE & D-Block Europe – Prada  (already exists)
11:10:34  INFO      [739/787] SKIP  Sabrina Carpenter – Espresso  (already exists)
11:10:34  INFO      [740/787] SKIP  Elton John & Dua Lipa – Cold Heart  (already exists)
11:10:34  INFO      [741/787] SKIP  ROSÉ & Bruno Mars – APT.  (already exists)
11:10:34  INFO      [742/787] SKIP  Lola Young – Messy  (already exists)
11:10:34  INFO      [743/787] SKIP  Miley Cyrus – Flowers  (already exists)
11:10:34  INFO      [744/787] SKIP  Harry Styles – Watermelon Sugar  (already exists)
11:10:34  INFO      [745/787] SKIP  Gracie Abrams – That's So True  (already exists)
11:10:34  INFO      [746/787] Fetching art for: Raye Ft 070 Shake – Escapism
11:10:34  WARNING   No search result for: Raye Ft 070 Shake – Escapism
11:10:34  WARNING   [746/787] FAIL  no image URL found for: Raye Ft 070 Shake – Escapism
11:10:34  INFO      [747/787] SKIP  Teddy Swims – Bad Dreams  (already exists)
11:10:34  INFO      [748/787] SKIP  OneRepublic – I Ain't Worried  (already exists)
11:10:34  INFO      [749/787] SKIP  Tom Odell – Another Love  (already exists)
11:10:34  INFO      [750/787] SKIP  Gigi Perez – Sailor Song  (already exists)
11:10:34  INFO      [751/787] SKIP  Dasha – Austin  (already exists)
11:10:34  INFO      [752/787] SKIP  Ravyn Lenae – Love Me Not  (already exists)
11:10:34  INFO      [753/787] SKIP  The Kid Laroi & Justin Bieber – Stay  (already exists)
11:10:34  INFO      [754/787] Fetching art for: David Guetta Ft Bebe Rexha – I'm Good (Blue)
11:10:34  WARNING   No search result for: David Guetta Ft Bebe Rexha – I'm Good (Blue)
11:10:34  WARNING   [754/787] FAIL  no image URL found for: David Guetta Ft Bebe Rexha – I'm Good (Blue)
11:10:34  INFO      [755/787] SKIP  Cat Burns – Go  (already exists)
11:10:34  INFO      [756/787] SKIP  Fleetwood Mac – Dreams  (already exists)
11:10:34  INFO      [757/787] SKIP  Sombr – Back To Friends  (already exists)
11:10:34  INFO      [758/787] SKIP  Olivia Rodrigo – good 4 u  (already exists)
11:10:34  INFO      [759/787] SKIP  Myles Smith – Nice To Meet You  (already exists)
11:10:34  INFO      [760/787] SKIP  Saint Jhn – Roses  (already exists)
11:10:34  INFO      [761/787] SKIP  Brenda Lee – Rockin' Around The Christmas Tree  (already exists)
11:10:34  INFO      [762/787] SKIP  CHRYSTAL – The Days  (already exists)
11:10:34  INFO      [763/787] SKIP  Lost Frequencies & Calum Scott – Where Are You Now  (already exists)
11:10:34  INFO      [764/787] SKIP  Alex Warren – Carry You Home  (already exists)
11:10:34  INFO      [765/787] SKIP  LF System – Afraid To Feel  (already exists)
11:10:34  INFO      [766/787] SKIP  Sam Fender & Olivia Dean – rein Me In  (already exists)
11:10:34  INFO      [767/787] SKIP  Fireboy DML & Ed Sheeran – Peru  (already exists)
11:10:34  INFO      [768/787] SKIP  Bob Seger – Night Moves  (already exists)
11:10:34  INFO      [769/787] SKIP  Tate McRae – Greedy  (already exists)
11:10:34  INFO      [770/787] SKIP  Lewis Capaldi – Before You Go  (already exists)
11:10:34  INFO      [771/787] SKIP  Shakin' Stevens – Merry Christmas Everyone  (already exists)
11:10:34  INFO      [772/787] SKIP  Venbee x goddard – Messy In Heaven  (already exists)
11:10:34  INFO      [773/787] SKIP  Becky Hill & David Guetta – Remember  (already exists)
11:10:34  INFO      [774/787] SKIP  Sombr – Undressed  (already exists)
11:10:34  INFO      [775/787] SKIP  Sonny Fodera, Jazzy & D.O.D. – Somedays  (already exists)
11:10:34  INFO      [776/787] SKIP  Olivia Rodrigo – Vampire  (already exists)
11:10:34  INFO      [777/787] SKIP  Michael Buble – It's Beginning To Look A Lot Like Christmas  (already exists)
11:10:34  INFO      [778/787] SKIP  Ariana Grande – Santa Tell Me  (already exists)
11:10:34  INFO      [779/787] SKIP  Kelly Clarkson – Underneath the Tree  (already exists)
11:10:34  INFO      [780/787] SKIP  Calvin Harris & Ellie Goulding – Miracle  (already exists)
11:10:34  INFO      [781/787] SKIP  Goo Goo Dolls – Iris  (already exists)
11:10:34  INFO      [782/787] SKIP  Dua Lipa – Don't Start Now  (already exists)
11:10:34  INFO      [783/787] SKIP  Sabrina Carpenter – Taste  (already exists)
11:10:34  INFO      [784/787] SKIP  Lewis Capaldi – Forget Me  (already exists)
11:10:34  INFO      [785/787] SKIP  SZA – Kill Bill  (already exists)
11:10:34  INFO      [786/787] SKIP  Cheap Trick – Surrender  (already exists)
11:10:34  INFO      [787/787] SKIP  Megadeth – Last Rites / Loved to Deth  (already exists)
11:10:34  INFO      ────────────────────────────────────────────────────────────
11:10:34  INFO      Done.  Downloaded: 1  |  Skipped: 698  |  Failed: 88
11:10:34  INFO      Images in: C:\Users\dexte\Desktop\Programming\Hitster-Mega-Website\cover_art
